[    0.000000] Linux version 4.15.0-91-generic (buildd@lgw01-amd64-013) (gcc version 7.4.0 (Ubuntu 7.4.0-1ubuntu1~18.04.1)) #92-Ubuntu SMP Fri Feb 28 11:09:48 UTC 2020 (Ubuntu 4.15.0-91.92-generic 4.15.18)
[    0.000000] Command line: BOOT_IMAGE=/boot/vmlinuz-4.15.0-91-generic root=LABEL=cloudimg-rootfs ro console=tty1 console=ttyS0
[    0.000000] KERNEL supported cpus:
[    0.000000]   Intel GenuineIntel
[    0.000000]   AMD AuthenticAMD
[    0.000000]   Centaur CentaurHauls
[    0.000000] x86/fpu: Supporting XSAVE feature 0x001: 'x87 floating point registers'
[    0.000000] x86/fpu: Supporting XSAVE feature 0x002: 'SSE registers'
[    0.000000] x86/fpu: Supporting XSAVE feature 0x004: 'AVX registers'
[    0.000000] x86/fpu: xstate_offset[2]:  576, xstate_sizes[2]:  256
[    0.000000] x86/fpu: Enabled xstate features 0x7, context size is 832 bytes, using 'standard' format.
[    0.000000] e820: BIOS-provided physical RAM map:
[    0.000000] BIOS-e820: [mem 0x0000000000000000-0x000000000009fbff] usable
[    0.000000] BIOS-e820: [mem 0x000000000009fc00-0x000000000009ffff] reserved
[    0.000000] BIOS-e820: [mem 0x00000000000f0000-0x00000000000fffff] reserved
[    0.000000] BIOS-e820: [mem 0x0000000000100000-0x000000007ffeffff] usable
[    0.000000] BIOS-e820: [mem 0x000000007fff0000-0x000000007fffffff] ACPI data
[    0.000000] BIOS-e820: [mem 0x00000000fec00000-0x00000000fec00fff] reserved
[    0.000000] BIOS-e820: [mem 0x00000000fee00000-0x00000000fee00fff] reserved
[    0.000000] BIOS-e820: [mem 0x00000000fffc0000-0x00000000ffffffff] reserved
[    0.000000] NX (Execute Disable) protection: active
[    0.000000] SMBIOS 2.5 present.
[    0.000000] DMI: innotek GmbH VirtualBox/VirtualBox, BIOS VirtualBox 12/01/2006
[    0.000000] Hypervisor detected: KVM
[    0.000000] e820: last_pfn = 0x7fff0 max_arch_pfn = 0x400000000
[    0.000000] MTRR: Disabled
[    0.000000] x86/PAT: MTRRs disabled, skipping PAT initialization too.
[    0.000000] CPU MTRRs all blank - virtualized system.
[    0.000000] x86/PAT: Configuration [0-7]: WB  WT  UC- UC  WB  WT  UC- UC  
[    0.000000] found SMP MP-table at [mem 0x0009fff0-0x0009ffff]
[    0.000000] Scanning 1 areas for low memory corruption
[    0.000000] RAMDISK: [mem 0x35a6d000-0x36d2dfff]
[    0.000000] ACPI: Early table checksum verification disabled
[    0.000000] ACPI: RSDP 0x00000000000E0000 000024 (v02 VBOX  )
[    0.000000] ACPI: XSDT 0x000000007FFF0030 00003C (v01 VBOX   VBOXXSDT 00000001 ASL  00000061)
[    0.000000] ACPI: FACP 0x000000007FFF00F0 0000F4 (v04 VBOX   VBOXFACP 00000001 ASL  00000061)
[    0.000000] ACPI: DSDT 0x000000007FFF0470 0022EA (v02 VBOX   VBOXBIOS 00000002 INTL 20100528)
[    0.000000] ACPI: FACS 0x000000007FFF0200 000040
[    0.000000] ACPI: FACS 0x000000007FFF0200 000040
[    0.000000] ACPI: APIC 0x000000007FFF0240 00005C (v02 VBOX   VBOXAPIC 00000001 ASL  00000061)
[    0.000000] ACPI: SSDT 0x000000007FFF02A0 0001CC (v01 VBOX   VBOXCPUT 00000002 INTL 20100528)
[    0.000000] No NUMA configuration found
[    0.000000] Faking a node at [mem 0x0000000000000000-0x000000007ffeffff]
[    0.000000] NODE_DATA(0) allocated [mem 0x7ffc5000-0x7ffeffff]
[    0.000000] kvm-clock: cpu 0, msr 0:7ff44001, primary cpu clock
[    0.000000] kvm-clock: Using msrs 4b564d01 and 4b564d00
[    0.000000] kvm-clock: using sched offset of 3611821438 cycles
[    0.000000] clocksource: kvm-clock: mask: 0xffffffffffffffff max_cycles: 0x1cd42e4dffb, max_idle_ns: 881590591483 ns
[    0.000000] Zone ranges:
[    0.000000]   DMA      [mem 0x0000000000001000-0x0000000000ffffff]
[    0.000000]   DMA32    [mem 0x0000000001000000-0x000000007ffeffff]
[    0.000000]   Normal   empty
[    0.000000]   Device   empty
[    0.000000] Movable zone start for each node
[    0.000000] Early memory node ranges
[    0.000000]   node   0: [mem 0x0000000000001000-0x000000000009efff]
[    0.000000]   node   0: [mem 0x0000000000100000-0x000000007ffeffff]
[    0.000000] Reserved but unavailable: 98 pages
[    0.000000] Initmem setup node 0 [mem 0x0000000000001000-0x000000007ffeffff]
[    0.000000] ACPI: PM-Timer IO Port: 0x4008
[    0.000000] IOAPIC[0]: apic_id 2, version 32, address 0xfec00000, GSI 0-23
[    0.000000] ACPI: INT_SRC_OVR (bus 0 bus_irq 0 global_irq 2 dfl dfl)
[    0.000000] ACPI: INT_SRC_OVR (bus 0 bus_irq 9 global_irq 9 low level)
[    0.000000] Using ACPI (MADT) for SMP configuration information
[    0.000000] smpboot: Allowing 2 CPUs, 0 hotplug CPUs
[    0.000000] PM: Registered nosave memory: [mem 0x00000000-0x00000fff]
[    0.000000] PM: Registered nosave memory: [mem 0x0009f000-0x0009ffff]
[    0.000000] PM: Registered nosave memory: [mem 0x000a0000-0x000effff]
[    0.000000] PM: Registered nosave memory: [mem 0x000f0000-0x000fffff]
[    0.000000] e820: [mem 0x80000000-0xfebfffff] available for PCI devices
[    0.000000] Booting paravirtualized kernel on KVM
[    0.000000] clocksource: refined-jiffies: mask: 0xffffffff max_cycles: 0xffffffff, max_idle_ns: 7645519600211568 ns
[    0.000000] random: get_random_bytes called from start_kernel+0x99/0x4fd with crng_init=0
[    0.000000] setup_percpu: NR_CPUS:8192 nr_cpumask_bits:2 nr_cpu_ids:2 nr_node_ids:1
[    0.000000] percpu: Embedded 45 pages/cpu s147456 r8192 d28672 u1048576
[    0.000000] PV qspinlock hash table entries: 256 (order: 0, 4096 bytes)
[    0.000000] Built 1 zonelists, mobility grouping on.  Total pages: 515961
[    0.000000] Policy zone: DMA32
[    0.000000] Kernel command line: BOOT_IMAGE=/boot/vmlinuz-4.15.0-91-generic root=LABEL=cloudimg-rootfs ro console=tty1 console=ttyS0
[    0.000000] Memory: 2015256K/2096696K available (12300K kernel code, 2481K rwdata, 4264K rodata, 2432K init, 2712K bss, 81440K reserved, 0K cma-reserved)
[    0.000000] SLUB: HWalign=64, Order=0-3, MinObjects=0, CPUs=2, Nodes=1
[    0.000000] Kernel/User page tables isolation: enabled
[    0.000000] ftrace: allocating 39347 entries in 154 pages
[    0.004000] Hierarchical RCU implementation.
[    0.004000] 	RCU restricting CPUs from NR_CPUS=8192 to nr_cpu_ids=2.
[    0.004000] 	Tasks RCU enabled.
[    0.004000] RCU: Adjusting geometry for rcu_fanout_leaf=16, nr_cpu_ids=2
[    0.004000] NR_IRQS: 524544, nr_irqs: 440, preallocated irqs: 16
[    0.004000] Console: colour VGA+ 80x25
[    0.004000] console [tty1] enabled
[    0.004000] console [ttyS0] enabled
[    0.004000] ACPI: Core revision 20170831
[    0.004000] ACPI: 2 ACPI AML tables successfully acquired and loaded
[    0.004000] APIC: Switch to symmetric I/O mode setup
[    0.004000] x2apic enabled
[    0.004000] Switched APIC routing to physical x2apic.
[    0.004000] ..TIMER: vector=0x30 apic1=0 pin1=2 apic2=-1 pin2=-1
[    0.004003] tsc: Detected 3408.002 MHz processor
[    0.004816] Calibrating delay loop (skipped) preset value.. 6816.00 BogoMIPS (lpj=13632008)
[    0.005454] pid_max: default: 32768 minimum: 301
[    0.008027] Security Framework initialized
[    0.008773] Yama: becoming mindful.
[    0.009433] AppArmor: AppArmor initialized
[    0.012108] Dentry cache hash table entries: 262144 (order: 9, 2097152 bytes)
[    0.015746] Inode-cache hash table entries: 131072 (order: 8, 1048576 bytes)
[    0.016012] Mount-cache hash table entries: 4096 (order: 3, 32768 bytes)
[    0.017150] Mountpoint-cache hash table entries: 4096 (order: 3, 32768 bytes)
[    0.020237] Last level iTLB entries: 4KB 64, 2MB 8, 4MB 8
[    0.021165] Last level dTLB entries: 4KB 64, 2MB 0, 4MB 0, 1GB 4
[    0.022198] Spectre V1 : Mitigation: usercopy/swapgs barriers and __user pointer sanitization
[    0.023674] Spectre V2 : Mitigation: Full generic retpoline
[    0.024001] Spectre V2 : Spectre v2 / SpectreRSB mitigation: Filling RSB on context switch
[    0.025619] Speculative Store Bypass: Vulnerable
[    0.026475] MDS: Vulnerable: Clear CPU buffers attempted, no microcode
[    0.028179] Freeing SMP alternatives memory: 36K
[    0.138630] smpboot: CPU0: Intel(R) Core(TM) i7-6700 CPU @ 3.40GHz (family: 0x6, model: 0x5e, stepping: 0x3)
[    0.140000] Performance Events: unsupported p6 CPU model 94 no PMU driver, software events only.
[    0.140000] Hierarchical SRCU implementation.
[    0.140485] NMI watchdog: Perf event create on CPU 0 failed with -2
[    0.141573] NMI watchdog: Perf NMI watchdog permanently disabled
[    0.142644] smp: Bringing up secondary CPUs ...
[    0.143511] x86: Booting SMP configuration:
[    0.144002] .... node  #0, CPUs:      #1
[    0.004000] kvm-clock: cpu 1, msr 0:7ff44041, secondary cpu clock
[    0.148028] smp: Brought up 1 node, 2 CPUs
[    0.148744] smpboot: Max logical packages: 1
[    0.149512] smpboot: Total of 2 processors activated (13632.00 BogoMIPS)
[    0.150747] devtmpfs: initialized
[    0.150747] x86/mm: Memory block size: 128MB
[    0.152201] evm: security.selinux
[    0.152828] evm: security.SMACK64
[    0.153450] evm: security.SMACK64EXEC
[    0.154158] evm: security.SMACK64TRANSMUTE
[    0.154905] evm: security.SMACK64MMAP
[    0.155577] evm: security.apparmor
[    0.156002] evm: security.ima
[    0.156575] evm: security.capability
[    0.157273] clocksource: jiffies: mask: 0xffffffff max_cycles: 0xffffffff, max_idle_ns: 7645041785100000 ns
[    0.157686] futex hash table entries: 512 (order: 3, 32768 bytes)
[    0.160039] pinctrl core: initialized pinctrl subsystem
[    0.161031] RTC time:  3:04:06, date: 03/27/20
[    0.161942] NET: Registered protocol family 16
[    0.162809] audit: initializing netlink subsys (disabled)
[    0.164019] audit: type=2000 audit(1585278250.799:1): state=initialized audit_enabled=0 res=1
[    0.165521] cpuidle: using governor ladder
[    0.165521] cpuidle: using governor menu
[    0.165585] ACPI: bus type PCI registered
[    0.168002] acpiphp: ACPI Hot Plug PCI Controller Driver version: 0.5
[    0.169183] PCI: Using configuration type 1 for base access
[    0.174671] HugeTLB registered 2.00 MiB page size, pre-allocated 0 pages
[    0.176064] ACPI: Added _OSI(Module Device)
[    0.176820] ACPI: Added _OSI(Processor Device)
[    0.177649] ACPI: Added _OSI(3.0 _SCP Extensions)
[    0.178485] ACPI: Added _OSI(Processor Aggregator Device)
[    0.179419] ACPI: Added _OSI(Linux-Dell-Video)
[    0.180006] ACPI: Added _OSI(Linux-Lenovo-NV-HDMI-Audio)
[    0.180932] ACPI: Added _OSI(Linux-HPI-Hybrid-Graphics)
[    0.182138] ACPI: Executed 1 blocks of module-level executable AML code
[    0.186842] ACPI: Interpreter enabled
[    0.188010] ACPI: (supports S0 S5)
[    0.188654] ACPI: Using IOAPIC for interrupt routing
[    0.189784] PCI: Using host bridge windows from ACPI; if necessary, use "pci=nocrs" and report a bug
[    0.191567] ACPI: Enabled 2 GPEs in block 00 to 07
[    0.198754] ACPI: PCI Root Bridge [PCI0] (domain 0000 [bus 00-ff])
[    0.199817] acpi PNP0A03:00: _OSC: OS supports [ASPM ClockPM Segments MSI]
[    0.200551] acpi PNP0A03:00: _OSC: not requesting OS control; OS requires [ExtendedConfig ASPM ClockPM MSI]
[    0.202236] acpi PNP0A03:00: fail to add MMCONFIG information, can't access extended PCI configuration space under this bridge.
[    0.204326] PCI host bridge to bus 0000:00
[    0.205135] pci_bus 0000:00: root bus resource [io  0x0000-0x0cf7 window]
[    0.206283] pci_bus 0000:00: root bus resource [io  0x0d00-0xffff window]
[    0.208002] pci_bus 0000:00: root bus resource [mem 0x000a0000-0x000bffff window]
[    0.209328] pci_bus 0000:00: root bus resource [mem 0x80000000-0xfdffffff window]
[    0.210698] pci_bus 0000:00: root bus resource [bus 00-ff]
[    0.213954] pci 0000:00:01.1: legacy IDE quirk: reg 0x10: [io  0x01f0-0x01f7]
[    0.215150] pci 0000:00:01.1: legacy IDE quirk: reg 0x14: [io  0x03f6]
[    0.216002] pci 0000:00:01.1: legacy IDE quirk: reg 0x18: [io  0x0170-0x0177]
[    0.217216] pci 0000:00:01.1: legacy IDE quirk: reg 0x1c: [io  0x0376]
[    0.234721] pci 0000:00:07.0: quirk: [io  0x4000-0x403f] claimed by PIIX4 ACPI
[    0.236000] pci 0000:00:07.0: quirk: [io  0x4100-0x410f] claimed by PIIX4 SMB
[    0.246690] ACPI: PCI Interrupt Link [LNKA] (IRQs 5 9 10 *11)
[    0.248331] ACPI: PCI Interrupt Link [LNKB] (IRQs 5 9 *10 11)
[    0.249443] ACPI: PCI Interrupt Link [LNKC] (IRQs 5 *9 10 11)
[    0.250544] ACPI: PCI Interrupt Link [LNKD] (IRQs 5 9 10 *11)
[    0.252233] SCSI subsystem initialized
[    0.252958] pci 0000:00:02.0: vgaarb: setting as boot VGA device
[    0.253047] pci 0000:00:02.0: vgaarb: VGA device added: decodes=io+mem,owns=io+mem,locks=none
[    0.254540] pci 0000:00:02.0: vgaarb: bridge control possible
[    0.256006] vgaarb: loaded
[    0.256561] ACPI: bus type USB registered
[    0.257299] usbcore: registered new interface driver usbfs
[    0.258260] usbcore: registered new interface driver hub
[    0.259206] usbcore: registered new device driver usb
[    0.260040] EDAC MC: Ver: 3.0.0
[    0.260848] PCI: Using ACPI for IRQ routing
[    0.261032] NetLabel: Initializing
[    0.261678] NetLabel:  domain hash size = 128
[    0.264001] NetLabel:  protocols = UNLABELED CIPSOv4 CALIPSO
[    0.264989] NetLabel:  unlabeled traffic allowed by default
[    0.265984] clocksource: Switched to clocksource kvm-clock
[    0.279857] VFS: Disk quotas dquot_6.6.0
[    0.280626] VFS: Dquot-cache hash table entries: 512 (order 0, 4096 bytes)
[    0.281855] AppArmor: AppArmor Filesystem Enabled
[    0.282714] pnp: PnP ACPI init
[    0.284308] pnp: PnP ACPI: found 3 devices
[    0.293269] clocksource: acpi_pm: mask: 0xffffff max_cycles: 0xffffff, max_idle_ns: 2085701024 ns
[    0.294859] NET: Registered protocol family 2
[    0.295785] TCP established hash table entries: 16384 (order: 5, 131072 bytes)
[    0.297110] TCP bind hash table entries: 16384 (order: 6, 262144 bytes)
[    0.298245] TCP: Hash tables configured (established 16384 bind 16384)
[    0.301088] UDP hash table entries: 1024 (order: 3, 32768 bytes)
[    0.302712] UDP-Lite hash table entries: 1024 (order: 3, 32768 bytes)
[    0.303825] NET: Registered protocol family 1
[    0.304636] pci 0000:00:00.0: Limiting direct PCI/PCI transfers
[    0.305678] pci 0000:00:01.0: Activating ISA DMA hang workarounds
[    0.306768] pci 0000:00:02.0: Video device with shadowed ROM at [mem 0x000c0000-0x000dffff]
[    0.308317] Unpacking initramfs...
[    0.577931] Freeing initrd memory: 19204K
[    0.578808] clocksource: tsc: mask: 0xffffffffffffffff max_cycles: 0x311fd628962, max_idle_ns: 440795345332 ns
[    0.580202] platform rtc_cmos: registered platform RTC device (no PNP device found)
[    0.581994] Scanning for low memory corruption every 60 seconds
[    0.583546] Initialise system trusted keyrings
[    0.584395] Key type blacklist registered
[    0.585190] workingset: timestamp_bits=36 max_order=19 bucket_order=0
[    0.587226] zbud: loaded
[    0.588194] squashfs: version 4.0 (2009/01/31) Phillip Lougher
[    0.589384] fuse init (API version 7.26)
[    0.591813] Key type asymmetric registered
[    0.592593] Asymmetric key parser 'x509' registered
[    0.593472] Block layer SCSI generic (bsg) driver version 0.4 loaded (major 246)
[    0.594844] io scheduler noop registered
[    0.595573] io scheduler deadline registered
[    0.596389] io scheduler cfq registered (default)
[    0.597445] ACPI: AC Adapter [AC] (on-line)
[    0.598233] input: Power Button as /devices/LNXSYSTM:00/LNXPWRBN:00/input/input0
[    0.599600] ACPI: Power Button [PWRF]
[    0.600370] input: Sleep Button as /devices/LNXSYSTM:00/LNXSLPBN:00/input/input1
[    0.601687] ACPI: Sleep Button [SLPF]
[    0.602591] Serial: 8250/16550 driver, 32 ports, IRQ sharing enabled
[    0.624357] 00:02: ttyS0 at I/O 0x3f8 (irq = 4, base_baud = 115200) is a 16550A
[    0.629017] Linux agpgart interface v0.103
[    0.633350] loop: module loaded
[    0.636362] scsi host0: ata_piix
[    0.637087] scsi host1: ata_piix
[    0.637727] ata1: PATA max UDMA/33 cmd 0x1f0 ctl 0x3f6 bmdma 0xd000 irq 14
[    0.638888] ata2: PATA max UDMA/33 cmd 0x170 ctl 0x376 bmdma 0xd008 irq 15
[    0.640398] libphy: Fixed MDIO Bus: probed
[    0.641145] tun: Universal TUN/TAP device driver, 1.6
[    0.642079] PPP generic driver version 2.4.2
[    0.642910] ehci_hcd: USB 2.0 'Enhanced' Host Controller (EHCI) Driver
[    0.644028] ehci-pci: EHCI PCI platform driver
[    0.644863] ehci-platform: EHCI generic platform driver
[    0.645800] ohci_hcd: USB 1.1 'Open' Host Controller (OHCI) Driver
[    0.646864] ohci-pci: OHCI PCI platform driver
[    0.647670] ohci-platform: OHCI generic platform driver
[    0.648623] uhci_hcd: USB Universal Host Controller Interface driver
[    0.649743] i8042: PNP: PS/2 Controller [PNP0303:PS2K,PNP0f03:PS2M] at 0x60,0x64 irq 1,12
[    0.651652] serio: i8042 KBD port at 0x60,0x64 irq 1
[    0.652603] serio: i8042 AUX port at 0x60,0x64 irq 12
[    0.653627] mousedev: PS/2 mouse device common for all mice
[    0.655146] input: AT Translated Set 2 keyboard as /devices/platform/i8042/serio0/input/input2
[    0.656047] rtc_cmos rtc_cmos: rtc core: registered rtc_cmos as rtc0
[    0.657880] rtc_cmos rtc_cmos: alarms up to one day, 114 bytes nvram
[    0.658987] i2c /dev entries driver
[    0.659681] device-mapper: uevent: version 1.0.3
[    0.660583] device-mapper: ioctl: 4.37.0-ioctl (2017-09-20) initialised: dm-devel@redhat.com
[    0.662130] ledtrig-cpu: registered to indicate activity on CPUs
[    0.663510] NET: Registered protocol family 10
[    0.666935] Segment Routing with IPv6
[    0.667647] NET: Registered protocol family 17
[    0.668555] Key type dns_resolver registered
[    0.669448] mce: Using 0 MCE banks
[    0.670132] RAS: Correctable Errors collector initialized.
[    0.671106] sched_clock: Marking stable (669402480, 0)->(890893837, -221491357)
[    0.672704] registered taskstats version 1
[    0.673471] Loading compiled-in X.509 certificates
[    0.675975] Loaded X.509 cert 'Build time autogenerated kernel key: d019e8c5f4cbc828f6af43369f65a014a3a68371'
[    0.677745] zswap: loaded using pool lzo/zbud
[    0.681078] Key type big_key registered
[    0.681806] Key type trusted registered
[    0.683636] Key type encrypted registered
[    0.684413] AppArmor: AppArmor sha1 policy hashing enabled
[    0.685386] ima: No TPM chip found, activating TPM-bypass! (rc=-19)
[    0.686468] ima: Allocated hash algorithm: sha1
[    0.687304] evm: HMAC attrs: 0x1
[    0.688212]   Magic number: 12:837:58
[    0.688972] rtc_cmos rtc_cmos: setting system clock to 2020-03-27 03:04:06 UTC (1585278246)
[    0.690541] BIOS EDD facility v0.16 2004-Jun-25, 0 devices found
[    0.691588] EDD information not available.
[    0.804999] Freeing unused kernel image memory: 2432K
[    0.816036] Write protecting the kernel read-only data: 20480k
[    0.819381] Freeing unused kernel image memory: 2008K
[    0.822074] Freeing unused kernel image memory: 1880K
[    0.839091] x86/mm: Checked W+X mappings: passed, no W+X pages found.
[    0.840694] x86/mm: Checking user space page tables
[    0.850655] x86/mm: Checked W+X mappings: passed, no W+X pages found.
Loading, please wait...
starting version 237
[    0.906194] e1000: Intel(R) PRO/1000 Network Driver - version 7.3.21-k8-NAPI
[    0.907413] e1000: Copyright (c) 1999-2006 Intel Corporation.
[    0.908557] Fusion MPT base driver 3.04.20
[    0.909347] Copyright (c) 1999-2008 LSI Corporation
[    0.929997] AVX2 version of gcm_enc/dec engaged.
[    0.930857] AES CTR mode by8 optimization enabled
[    0.936465] Fusion MPT SPI Host driver 3.04.20
[    1.135192] input: ImExPS/2 Generic Explorer Mouse as /devices/platform/i8042/serio1/input/input4
[    1.586591] e1000 0000:00:03.0 eth0: (PCI:33MHz:32-bit) 02:9c:31:18:9c:f3
[    1.587772] e1000 0000:00:03.0 eth0: Intel(R) PRO/1000 Network Connection
[    2.186701] e1000 0000:00:08.0 eth1: (PCI:33MHz:32-bit) 08:00:27:63:8e:8c
[    2.187878] e1000 0000:00:08.0 eth1: Intel(R) PRO/1000 Network Connection
[    2.190117] e1000 0000:00:03.0 enp0s3: renamed from eth0
[    2.191877] mptbase: ioc0: Initiating bringup
[    2.216621] e1000 0000:00:08.0 enp0s8: renamed from eth1
[    2.302623] ioc0: LSI53C1030 A0: Capabilities={Initiator}
[    3.206995] scsi host2: ioc0: LSI53C1030 A0, FwRev=00000000h, Ports=1, MaxQ=256, IRQ=20
[    3.584532] scsi 2:0:0:0: Direct-Access     VBOX     HARDDISK         1.0  PQ: 0 ANSI: 5
[    3.608287] scsi target2:0:0: Beginning Domain Validation
[    3.613020] scsi target2:0:0: Domain Validation skipping write tests
[    3.615571] scsi target2:0:0: Ending Domain Validation
[    3.617867] scsi target2:0:0: asynchronous
[    3.620597] scsi 2:0:1:0: Direct-Access     VBOX     HARDDISK         1.0  PQ: 0 ANSI: 5
[    3.652207] scsi target2:0:1: Beginning Domain Validation
[    3.656569] random: fast init done
[    3.658518] scsi target2:0:1: Domain Validation skipping write tests
[    3.661102] scsi target2:0:1: Ending Domain Validation
[    3.663361] scsi target2:0:1: asynchronous
[    3.672726] random: systemd-udevd: uninitialized urandom read (16 bytes read)
[    3.672884] sd 2:0:0:0: Attached scsi generic sg0 type 0
[    3.675851] random: systemd-udevd: uninitialized urandom read (16 bytes read)
[    3.677843] sd 2:0:1:0: Attached scsi generic sg1 type 0
[    3.678974] random: systemd-udevd: uninitialized urandom read (16 bytes read)
[    3.681180] sd 2:0:0:0: [sda] 62914560 512-byte logical blocks: (32.2 GB/30.0 GiB)
[    3.682597] sd 2:0:0:0: [sda] Write Protect is off
[    3.683493] sd 2:0:1:0: [sdb] 20480 512-byte logical blocks: (10.5 MB/10.0 MiB)
[    3.683571] sd 2:0:0:0: [sda] Incomplete mode parameter data
[    3.685854] sd 2:0:0:0: [sda] Assuming drive cache: write through
[    3.685866] sd 2:0:1:0: [sdb] Write Protect is off
[    3.687879] sd 2:0:1:0: [sdb] Incomplete mode parameter data
[    3.688401]  sda: sda1
[    3.688911] sd 2:0:1:0: [sdb] Assuming drive cache: write through
[    3.691402] sd 2:0:0:0: [sda] Attached SCSI disk
[    3.693031] sd 2:0:1:0: [sdb] Attached SCSI disk
Begin: Loading essential drivers ... [    5.256225] raid6: sse2x1   gen() 12636 MB/s
[    5.304047] raid6: sse2x1   xor()  9257 MB/s
[    5.352352] raid6: sse2x2   gen() 14987 MB/s
[    5.400173] raid6: sse2x2   xor() 10506 MB/s
[    5.448027] raid6: sse2x4   gen() 17383 MB/s
[    5.496318] raid6: sse2x4   xor() 11124 MB/s
[    5.544151] raid6: avx2x1   gen() 24996 MB/s
[    5.592454] raid6: avx2x1   xor() 16840 MB/s
[    5.640272] raid6: avx2x2   gen() 29809 MB/s
[    5.688093] raid6: avx2x2   xor() 19229 MB/s
[    5.736413] raid6: avx2x4   gen() 33492 MB/s
[    5.784236] raid6: avx2x4   xor() 21744 MB/s
[    5.785023] raid6: using algorithm avx2x4 gen() 33492 MB/s
[    5.785998] raid6: .... xor() 21744 MB/s, rmw enabled
[    5.786899] raid6: using avx2x2 recovery algorithm
[    5.788800] xor: automatically using best checksumming function   avx       
[    5.790920] async_tx: api initialized (async)
done.
Begin: Running /scripts/init-premount ... done.
Begin: Mounting root file system ... Begin: Running /scripts/local-top ... done.
Begin: Running /scripts/local-premount ... [    5.829442] Btrfs loaded, crc32c=crc32c-intel
Scanning for Btrfs filesystems
done.
Warning: fsck not present, so skipping root file system
[    5.851167] EXT4-fs (sda1): INFO: recovery required on readonly filesystem
[    5.852397] EXT4-fs (sda1): write access will be enabled during recovery
[    5.903623] EXT4-fs (sda1): orphan cleanup on readonly fs
[    5.904705] EXT4-fs (sda1): 10 orphan inodes deleted
[    5.905589] EXT4-fs (sda1): recovery complete
[    5.906984] EXT4-fs (sda1): mounted filesystem with ordered data mode. Opts: (null)
done.
Begin: Running /scripts/local-bottom ... done.
Begin: Running /scripts/init-bottom ... done.
[    6.057106] ip_tables: (C) 2000-2006 Netfilter Core Team
[    6.065895] systemd[1]: systemd 237 running in system mode. (+PAM +AUDIT +SELINUX +IMA +APPARMOR +SMACK +SYSVINIT +UTMP +LIBCRYPTSETUP +GCRYPT +GNUTLS +ACL +XZ +LZ4 +SECCOMP +BLKID +ELFUTILS +KMOD -IDN2 +IDN -PCRE2 default-hierarchy=hybrid)
[    6.069541] systemd[1]: Detected virtualization oracle.
[    6.070479] systemd[1]: Detected architecture x86-64.

Welcome to [1mUbuntu 18.04.4 LTS[0m!

[    6.075686] systemd[1]: Set hostname to <ubuntu-bionic>.
[    6.284537] systemd[1]: Reached target Swap.
[[0;32m  OK  [0m] Reached target Swap.
[    6.285989] systemd[1]: Set up automount Arbitrary Executable File Formats File System Automount Point.
[[0;32m  OK  [0m] Set up automount Arbitrary Executabâ€¦rmats File System Automount Point.
[    6.288582] systemd[1]: Reached target System Time Synchronized.
[[0;32m  OK  [0m] Reached target System Time Synchronized.
[    6.291408] systemd[1]: Created slice System Slice.
[[0;32m  OK  [0m] Created slice System Slice.
[    6.305060] systemd[1]: Listening on Journal Audit Socket.
[[0;32m  OK  [0m] Listening on Journal Audit Socket.
[    6.306676] systemd[1]: Listening on Journal Socket (/dev/log).
[[0;32m  OK  [0m] Listening on Journal Socket (/dev/log).
[[0;32m  OK  [0m] Listening on udev Control Socket.
[[0;32m  OK  [0m] Listening on Network Service Netlink Socket.
[[0;32m  OK  [0m] Listening on LVM2 poll daemon socket.
[[0;32m  OK  [0m] Listening on Device-mapper event daemon FIFOs.
[[0;32m  OK  [0m] Listening on Syslog Socket.
[[0;32m  OK  [0m] Listening on LVM2 metadata daemon socket.
[[0;32m  OK  [0m] Listening on Journal Socket.
         Starting Load Kernel Modules...
         Mounting Kernel Debug File System...
         Starting Remount Root and Kernel File Systems...
         Starting Uncomplicated firewall...
         Starting Monitoring of LVM2 mirrorsâ€¦ng dmeventd or progress polling...
         Starting Create list of required stâ€¦ce nodes for the current kernel...
[[0;32m  OK  [0m] Created slice User and Session Slice.
[[0;32m  OK  [0m] Reached target Slices.
         Mounting POSIX Message Queue File System...
[[0;32m  OK  [0m] Listening on udev Kernel Socket.
         Starting udev Coldplug all Devices...
         Starting Set the console keyboard layout...
         Starting Journal Service...
[[0;32m  OK  [0m] Started Forward Password Requests to Wall Directory Watch.
         Mounting Huge Pages File System...
[[0;32m  OK  [0m] Reached target User and Group Name Lookups.
[[0;32m  OK  [0m] Listening on /dev/initctl Compatibility Named Pipe.
[[0;32m  OK  [0m] Created slice system-serial\x2dgetty.slice.
[[0;32m  OK  [0m] Started Uncomplicated firewall.
[[0;32m  OK  [0m] Started udev Coldplug all Devices.
[[0;32m  OK  [0m] Started Create list of required staâ€¦vice nodes for the current kernel.
         Starting Create Static Device Nodes in /dev...
[[0;32m  OK  [0m] Mounted Kernel Debug File System.
[[0;32m  OK  [0m] Mounted POSIX Message Queue File System.
[[0;32m  OK  [0m] Mounted Huge Pages File System.
[    6.421290] Loading iSCSI transport class v2.0-870.
[    6.425997] iscsi: registered transport (tcp)
[    6.438891] iscsi: registered transport (iser)
[[0;32m  OK  [0m] Started Load Kernel Modules.
         Starting Apply Kernel Variables...
         Mounting FUSE Control File System...
         Mounting Kernel Configuration File System...
[[0;32m  OK  [0m] Mounted FUSE Control File System.
[[0;32m  OK  [0m] Mounted Kernel Configuration File System.
[[0;32m  OK  [0m] Started Journal Service.
[[0;32m  OK  [0m] Started LVM2 metadata daemon.
[[0;32m  OK  [[    6.489259] EXT4-fs (sda1): re-mounted. Opts: (null)
0m] Started Create Static Device Nodes in /dev.
[[0;32m  OK  [0m] Started Remount Root and Kernel File Systems.
         Starting Load/Save Random Seed...
         Starting Flush Journal to Persistent Storage...
         Starting udev Kernel Device Manager...
[[0;32m  OK  [0m] Started Load/Save Random Seed.
[    6.523307] systemd-journald[390]: Received request to flush runtime journal from PID 1
[[0;32m  OK  [0m] Started Monitoring of LVM2 mirrors,â€¦sing dmeventd or progress polling.
[[0;32m  OK  [0m] Started udev Kernel Device Manager.
[[0;32m  OK  [0m] Started Apply Kernel Variables.
[[0;32m  OK  [0m] Started Flush Journal to Persistent Storage.
[[0;32m  OK  [0m] Found device /dev/ttyS0.
[[0;32m  OK  [0m] Listening on Load/Save RF Kill Switch Status /dev/rfkill Watch.
[[0;32m  OK  [0m] Started Set the console keyboard layout.
[[0;32m  OK  [0m] Started Dispatch Password Requests to Console Directory Watch.
[[0;32m  OK  [0m] Reached target Local Encrypted Volumes.
[[0;32m  OK  [0m] Reached target Local File Systems (Pre).
[[0;32m  OK  [0m] Reached target Local File Systems.
         Starting Set console font and keymap...
         Starting AppArmor initialization...
         Starting Tell Plymouth To Write Out Runtime Data...
         Starting Create Volatile Files and Directories...
         Starting ebtables ruleset management...
[[0;32m  OK  [0m] Started Set console font and keymap.
[[0;32m  OK  [0m] Started Tell Plymouth To Write Out Runtime Data.
[[0;32m  OK  [0m] Started Create Volatile Files and Directories.
         Starting Update UTMP about System Boot/Shutdown...
[[0;32m  OK  [0m] Started Update UTMP about System Boot/Shutdown.
[[0;32m  OK  [0m] Started ebtables ruleset management.
[[0;32m  OK  [0m] Started AppArmor initialization.
         Starting Initial cloud-init job (pre-networking)...
[    8.586213] cloud-init[666]: Cloud-init v. 19.4-33-gbb4131a2-0ubuntu1~18.04.1 running 'init-local' at Fri, 27 Mar 2020 03:04:14 +0000. Up 8.37 seconds.
[[0;32m  OK  [0m] Started Initial cloud-init job (pre-networking).
[[0;32m  OK  [0m] Reached target Network (Pre).
         Starting Network Service...
[[0;32m  OK  [0m] Started Network Service.
         Starting Network Name Resolution...
         Starting Wait for Network to be Configured...
[[0;32m  OK  [0m] Started Network Name Resolution.
[[0;32m  OK  [0m] Reached target Network.
[[0;32m  OK  [0m] Reached target Host and Network Name Lookups.
[[0;32m  OK  [0m] Started Wait for Network to be Configured.
         Starting Initial cloud-init job (metadata service crawler)...
[   10.537035] cloud-init[780]: Cloud-init v. 19.4-33-gbb4131a2-0ubuntu1~18.04.1 running 'init' at Fri, 27 Mar 2020 03:04:16 +0000. Up 10.35 seconds.
[   10.538520] cloud-init[780]: ci-info: ++++++++++++++++++++++++++++++++++++++Net device info+++++++++++++++++++++++++++++++++++++++
[   10.548201] cloud-init[780]: ci-info: +--------+------+-----------------------------+---------------+--------+-------------------+
[   10.549580] cloud-init[780]: ci-info: | Device |  Up  |           Address           |      Mask     | Scope  |     Hw-Address    |
[   10.550917] cloud-init[780]: ci-info: +--------+------+-----------------------------+---------------+--------+-------------------+
[   10.552305] cloud-init[780]: ci-info: | enp0s3 | True |          10.0.2.15          | 255.255.255.0 | global | 02:9c:31:18:9c:f3 |
[   10.553696] cloud-init[780]: ci-info: | enp0s3 | True |  fe80::9c:31ff:fe18:9cf3/64 |       .       |  link  | 02:9c:31:18:9c:f3 |
[   10.555049] cloud-init[780]: ci-info: | enp0s8 | True |        192.168.33.10        | 255.255.255.0 | global | 08:00:27:63:8e:8c |
[   10.556419] cloud-init[780]: ci-info: | enp0s8 | True | fe80::a00:27ff:fe63:8e8c/64 |       .       |  link  | 08:00:27:63:8e:8c |
[   10.557775] cloud-init[780]: ci-info: |   lo   | True |          127.0.0.1          |   255.0.0.0   |  host  |         .         |
[   10.559133] cloud-init[780]: ci-info: |   lo   | True |           ::1/128           |       .       |  host  |         .         |
[   10.568207] cloud-init[780]: ci-info: +--------+------+-----------------------------+---------------+--------+-------------------+
[   10.569560] cloud-init[780]: ci-info: +++++++++++++++++++++++++++++Route IPv4 info+++++++++++++++++++++++++++++
[   10.584126] cloud-init[780]: ci-info: +-------+--------------+----------+-----------------+-----------+-------+
[   10.600768] cloud-init[780]: ci-info: | Route | Destination  | Gateway  |     Genmask     | Interface | Flags |
[   10.601942] cloud-init[780]: ci-info: +-------+--------------+----------+-----------------+-----------+-------+
[   10.612228] cloud-init[780]: ci-info: |   0   |   0.0.0.0    | 10.0.2.2 |     0.0.0.0     |   enp0s3  |   UG  |
[   10.613407] cloud-init[780]: ci-info: |   1   |   10.0.2.0   | 0.0.0.0  |  255.255.255.0  |   enp0s3  |   U   |
[   10.624352] cloud-init[780]: ci-info: |   2   |   10.0.2.2   | 0.0.0.0  | 255.255.255.255 |   enp0s3  |   UH  |
[   10.636549] cloud-init[780]: ci-info: |   3   | 192.168.33.0 | 0.0.0.0  |  255.255.255.0  |   enp0s8  |   U   |
[   10.648296] cloud-init[780]: ci-info: +-------+--------------+----------+-----------------+-----------+-------+
[   10.664867] cloud-init[780]: ci-info: +++++++++++++++++++Route IPv6 info+++++++++++++++++++
[   10.665835] cloud-init[780]: ci-info: +-------+-------------+---------+-----------+-------+
[   10.666862] cloud-init[780]: ci-info: | Route | Destination | Gateway | Interface | Flags |
[   10.680454] cloud-init[780]: ci-info: +-------+-------------+---------+-----------+-------+
[   10.692167] cloud-init[780]: ci-info: |   1   |  fe80::/64  |    ::   |   enp0s8  |   U   |
[   10.693197] cloud-init[780]: ci-info: |   2   |  fe80::/64  |    ::   |   enp0s3  |   U   |
[[   10.704852] cloud-init[780]: ci-info: |   4   |    local    |    ::   |   enp0s3  |   U   |
[   10.704913] cloud-init[780]: ci-info: |   5   |    local    |    ::   |   enp0s8  |   U   |
[   10.705368] cloud-init[780]: ci-info: |   6   |   ff00::/8  |    ::   |   enp0s8  |   U   |
[   10.705818] cloud-init[780]: ci-info: |   7   |   ff00::/8  |    ::   |   enp0s3  |   U   |
[   10.706257] cloud-init[780]: ci-info: +-------+-------------+---------+-----------+-------+
[0;32m  OK  [0m] Started Initial cloud-init job (metadata service crawler).
[[0;32m  OK  [0m] Reached target Network is Online.
         Starting Availability of block devices...
[[0;32m  OK  [0m] Reached target Remote File Systems (Pre).
[[0;32m  OK  [0m] Reached target Remote File Systems.
[[0;32m  OK  [0m] Reached target System Initialization.
         Starting Socket activation for snappy daemon.
         Starting Docker Socket for the API.
[[0;32m  OK  [0m] Started Discard unused blocks once a week.
[[0;32m  OK  [0m] Listening on Open-iSCSI iscsid Socket.
[[0;32m  OK  [0m] Started Message of the Day.
[[0;32m  OK  [0m] Started Daily apt download activities.
[[0;32m  OK  [0m] Listening on D-Bus System Message Bus Socket.
[[0;32m  OK  [0m] Started Daily apt upgrade and clean activities.
[[0;32m  OK  [0m] Listening on ACPID Listen Socket.
[[0;32m  OK  [0m] Started Daily Cleanup of Temporary Directories.
[[0;32m  OK  [0m] Reached target Timers.
[[0;32m  OK  [0m] Listening on UUID daemon activation socket.
         Starting LXD - unix socket.
[[0;32m  OK  [0m] Started ACPI Events Check.
[[0;32m  OK  [0m] Reached target Paths.
[[0;32m  OK  [0m] Reached target Cloud-config availability.
[[0;32m  OK  [0m] Started Availability of block devices.
[[0;32m  OK  [0m] Listening on Socket activation for snappy daemon.
[[0;32m  OK  [0m] Listening on Docker Socket for the API.
[[0;32m  OK  [0m] Listening on LXD - unix socket.
[[0;32m  OK  [0m] Reached target Sockets.
[[0;32m  OK  [0m] Reached target Basic System.
         Starting System Logging Service...
[[0;32m  OK  [0m] Started Regular background program processing daemon.
         Starting LSB: automatic crash report generation...
         Starting LXD - container startup/shutdown...
         Starting OpenBSD Secure Shell server...
         Starting LSB: Record successful boot for GRUB...
         Starting MySQL Community Server...
         Starting LSB: Start Jenkins at boot time...
[[0;32m  OK  [0m] Started FUSE filesystem for LXC.
         Starting containerd container runtime...
         Starting Permit User Sessions...
[[0;32m  OK  [0m] Started irqbalance daemon.
[[0;32m  OK  [0m] Started D-Bus System Message Bus.
         Starting Virtualbox guest utils...
         Starting Login Service...
         Starting Snappy daemon...
         Starting Accounts Service...
         Starting LSB: Linux init script for swapspace...
[[0;32m  OK  [0m] Started Deferred execution scheduler.
         Starting Message of the Day...
         Starting Dispatcher daemon for systemd-networkd...
[[0;32m  OK  [0m] Started System Logging Service.
[[0;32m  OK  [0m] Started containerd container runtime.
[[0;32m  OK  [0m] Started Permit User Sessions.
[[0;32m  OK  [0m] Started OpenBSD Secure Shell server.
[[0;32m  OK  [0m] Started Login Service.
[[0;32m  OK  [0m] Started Unattended Upgrades Shutdown.
         Starting Terminate Plymouth Boot Screen...
         Starting Hold until boot process finishes up...
         Starting Docker Application Container Engine...
[[0;32m  OK  [0m] Started Hold until boot process finishes up.
         Starting Set console scheme...
[[0;32m  OK  [0m] Started Serial Getty on ttyS0.
[[0;32m  OK  [0m] Started Terminate Plymouth Boot Screen.
[[0;32m  OK  [0m] Started LSB: Linux init script for swapspace.
[[0;32m  OK  [0m] Started Set console scheme.
[[0;32m  OK  [0m] Created slice system-getty.slice.
[[0;32m  OK  [0m] Started Getty on tty1.
[[0;32m  OK  [0m] Reached target Login Prompts.
[[0;32m  OK  [0m] Started LXD - container startup/shutdown.
         Starting Authorization Manager...
[[0;32m  OK  [0m] Started LSB: automatic crash report generation.
[[0;32m  OK  [0m] Started LSB: Record successful boot for GRUB.
[[0;32m  OK  [0m] Started Authorization Manager.
[[0;32m  OK  [0m] Started Accounts Service.
[[0;32m  OK  [0m] Started Virtualbox guest utils.
[[0;32m  OK  [0m] Started Dispatcher daemon for systemd-networkd.
[[0;32m  OK  [0m] Created slice User Slice of vagrant.
         Starting User Manager for UID 1000...
[[0;32m  OK  [0m] Started Session 1 of user vagrant.
[[0;32m  OK  [0m] Started Snappy daemon.
         Starting Wait until snapd is fully seeded...
[[0;32m  OK  [0m] Started User Manager for UID 1000.
[[0;32m  OK  [0m] Created slice User Slice of jenkins.
         Starting User Manager for UID 112...
[[0;32m  OK  [0m] Started Session c1 of user jenkins.
[[0;32m  OK  [0m] Started Wait until snapd is fully seeded.
         Starting Apply the settings specified in cloud-config...
[[0;32m  OK  [0m] Started User Manager for UID 112.
[[0;32m  OK  [0m] Started MySQL Community Server.
[[0;32m  OK  [0m] Started Message of the Day.
[   14.962163] cloud-init[1460]: Cloud-init v. 19.4-33-gbb4131a2-0ubuntu1~18.04.1 running 'modules:config' at Fri, 27 Mar 2020 03:04:20 +0000. Up 14.76 seconds.
[[0;32m  OK  [0m] Started Apply the settings specified in cloud-config.
[[0;32m  OK  [0m] Started LSB: Start Jenkins at boot time.
[[0;32m  OK  [0m] Started Docker Application Container Engine.
[[0;32m  OK  [0m] Reached target Multi-User System.
[[0;32m  OK  [0m] Reached target Graphical Interface.
         Starting Execute cloud user/final scripts...
         Starting Update UTMP about System Runlevel Changes...
[[0;32m  OK  [0m] Started Update UTMP about System Runlevel Changes.
[   17.220591] cloud-init[1795]: Cloud-init v. 19.4-33-gbb4131a2-0ubuntu1~18.04.1 running 'modules:final' at Fri, 27 Mar 2020 03:04:22 +0000. Up 16.92 seconds.
[   17.220695] cloud-init[1795]: Cloud-init v. 19.4-33-gbb4131a2-0ubuntu1~18.04.1 finished at Fri, 27 Mar 2020 03:04:23 +0000. Datasource DataSourceNoCloud [seed=/dev/sdb][dsmode=net].  Up 17.19 seconds

Ubuntu 18.04.4 LTS ubuntu-bionic ttyS0

ubuntu-bionic login: [[0;32m  OK  [0m] Stopped target Graphical Interface.
[[0;32m  OK  [0m] Stopped target Cloud-init target.
[[0;32m  OK  [0m] Closed Load/Save RF Kill Switch Status /dev/rfkill Watch.
         Stopping Availability of block devices...
         Stopping Session c1 of user jenkins.
         Stopping Authorization Manager...
         Stopping Accounts Service...
[[0;32m  OK  [0m] Stopped Execute cloud user/final scripts.
[[0;32m  OK  [0m] Stopped Apply the settings specified in cloud-config.
[[0;32m  OK  [0m] Stopped target Cloud-config availability.
[[0;32m  OK  [0m] Stopped target Multi-User System.
         Stopping LXD - container startup/shutdown...
[[0;32m  OK  [0m] Stopped Wait until snapd is fully seeded.
[[0;32m  OK  [0m] Stopped target Login Prompts.
         Stopping Serial Getty on ttyS0...
         Stopping Ge         Stopping D-Bus System Message Bus...
         Stopping FUSE filesystem for LXC...
         Stopping LSB: Record successful boot for GRUB...
         Stopping Regular background program processing daemon...
         Stopping LSB: Linux init script for swapspace...
         Stopping OpenBSD Secure Shell server...
         Stopping Unattended Upgrades Shutdown...
[[0;32m  OK  [0m] Stopped target Timers.
[[0;32m  OK  [0m] Stopped Discard unused blocks once a week.
[[0;32m  OK  [0m] Stopped Daily Cleanup of Temporary Directories.
         Stopping User Manager for UID 112...
         Stopping Virtualbox guest utils...
         Stopping LSB: automatic crash report generation...
[[0;32m  OK  [0m] Stopped Message of the Day.
         Stopping Session 6 of user vagrant.
         Stopping Deferred execution scheduler...
         Stopping irqbalance daemon...
         Stopping LSB: Start Jenkins at boot time...
         Stopping User Manager for UID 1000...
[[0;32m  OK  [0m] Stopped target Host and Network Name Lookups.
         Stopping MySQL Community Server...
[[0;32m  OK  [0m] Stopped Daily apt upgrade and clean activities.
[[0;32m  OK  [0m] Stopped Daily apt download activities.
[[0;32m  OK  [0m] Stopped target System Time Synchronized.
         Stopping System Logging Service...
         Stopping Docker Application Container Engine...
[[0;32m  OK  [0m] Unmounted /var/lib/lxcfs.
[[0;32m  OK  [0m] Stopped Regular background program processing daemon.
[[0;32m  OK  [0m] Stopped System Logging Service.
[[0;32m  OK  [0m] Stopped irqbalance daemon.
[[0;32m  OK  [0m] Stopped Deferred execution scheduler.
[[0;32m  OK  [0m] Stopped Dispatcher daemon for systemd-networkd.
[[0;32m  OK  [0m] Stopped Docker Application Container Engine.
[[0;32m  OK  [0m] Stopped Serial Getty on ttyS0.
[[0;32m  OK  [0m] Stopped Getty on tty1.
[[0;32m  OK  [0m] Stopped Accounts Service.
[[0;32m  OK  [0m] Stopped OpenBSD Secure Shell server.
[[0;32m  OK  [0m] Stopped Unattended Upgrades Shutdown.
[[0;32m  OK  [0m] Stopped Authorization Manager.
[[0;32m  OK  [0m] Stopped User Manager for UID 112.
[[0;32m  OK  [0m] Stopped User Manager for UID 1000.
[[0;32m  OK  [0m] Stopped Availability of block devices.
[[0;32m  OK  [0m] Stopped D-Bus System Message Bus.
[[0;32m  OK  [0m] Stopped FUSE filesystem for LXC.
[[0;32m  OK  [0m] Stopped Session 6 of user vagrant.
[[0;32m  OK  [0m] Removed slice User Slice of vagrant.
[[0;32m  OK  [0m] Removed slice system-getty.slice.
[[0;32m  OK  [0m] Removed slice system-serial\x2dgetty.slice.
         Stopping containerd container runtime...
[[0;32m  OK  [0m] Stopped LXD - container startup/shutdown.
[[0;32m  OK  [0m] Stopped containerd container runtime.
[[0;32m  OK  [0m] Stopped LSB: Linux init script for swapspace.
[[0;32m  OK  [0m] Stopped LSB: Record successful boot for GRUB.
[[0;32m  OK  [0m] Stopped LSB: automatic crash report generation.
[[0;32m  OK  [0m] Stopped Session c1 of user jenkins.
[[0;32m  OK  [0m] Removed slice User Slice of jenkins.
         Stopping Permit User Sessions...
         Stopping Login Service...
[[0;32m  OK  [0m] Stopped Permit User Sessions.
[[0;32m  OK  [0m] Stopped Virtualbox guest utils.
[[0;32m  OK  [0m] Stopped Login Service.
[[0;32m  OK  [0m] Stopped target User and Group Name Lookups.
[[0;32m  OK  [0m] Stopped LSB: Start Jenkins at boot time.
[[0;32m  OK  [0m] Stopped target Remote File Systems.
[[0;32m  OK  [0m] Stopped target Remote File Systems (Pre).
[[0;32m  OK  [0m] Stopped target Network is Online.
[[0;32m  OK  [0m] Stopped MySQL Community Server.
[[0;32m  OK  [0m] Stopped target Network.
         Stopping Network Name Resolution...
[[0;32m  OK  [0m] Stopped target Basic System.
[[0;32m  OK  [0m] Stopped target Paths.
[[0;32m  OK  [0m] Stopped ACPI Events Check.
[[0;32m  OK  [0m] Stopped target Slices.
[[0;32m  OK  [0m] Removed slice User and Session Slice.
[[0;32m  OK  [0m] Stopped target Sockets.
[[0;32m  OK  [0m] Closed UUID daemon activation socket.
[[0;32m  OK  [0m] Closed Syslog Socket.
[[0;32m  OK  [0m] Closed D-Bus System Message Bus Socket.
[[0;32m  OK  [0m] Closed Docker Socket for the API.
[[0;32m  OK  [0m] Closed Open-iSCSI iscsid Socket.
[[0;32m  OK  [0m] Closed ACPID Listen Socket.
[[0;32m  OK  [0m] Closed Socket activation for snappy daemon.
[[0;32m  OK  [0m] Closed LXD - unix socket.
[[0;32m  OK  [0m] Stopped target System Initialization.
         Stopping Load/Save Random Seed...
         Stopping Update UTMP about System Boot/Shutdown...
[[0;32m  OK  [0m] Stopped target Local Encrypted Volumes.
[[0;32m  OK  [0m] Stopped Forward Password Requests to Wall Directory Watch.
[[0;32m  OK  [0m] Stopped Dispatch Password Requests to Console Directory Watch.
[[0;32m  OK  [0m] Stopped Initial cloud-init job (metadata service crawler).
[[0;32m  OK  [0m] Stopped Network Name Resolution.
[[0;32m  OK  [0m] Stopped Load/Save Random Seed.
         Stopping Network Service...
[[0;32m  OK  [0m] Stopped Update UTMP about System Boot/Shutdown.
[[0;32m  OK  [0m] Stopped Create Volatile Files and Directories.
[[0;32m  OK  [0m] Stopped target Local File Systems.
         Unmounting /configs...
         Unmounting /run/user/112...
         Unmounting /run/user/1000...
         Unmounting /vagrant...
[[0;32m  OK  [0m] Unmounted /configs.
[[0;32m  OK  [0m] Unmounted /vagrant.
[[0;32m  OK  [0m] Unmounted /run/user/112.
[[0;32m  OK  [0m] Unmounted /run/user/1000.
[[0;32m  OK  [0m] Reached target Unmount All Filesystems.
[[0;32m  OK  [0m] Stopped target Swap.
[[0;32m  OK  [0m] Stopped target Local File Systems (Pre).
[[0;32m  OK  [0m] Stopped Create Static Device Nodes in /dev.
         Stopping Monitoring of LVM2 mirrorsâ€¦ng dmeventd or progress polling...
[[0;32m  OK  [0m] Stopped Network Service.
[[0;32m  OK  [0m] Stopped target Network (Pre).
[[0;32m  OK  [0m] Stopped Initial cloud-init job (pre-networking).
[[0;32m  OK  [0m] Stopped Remount Root and Kernel File Systems.
[[0;32m  OK  [0m] Stopped Apply Kernel Variables.
[[0;32m  OK  [0m] Stopped Load Kernel Modules.
[[0;32m  OK  [0m] Reached target Shutdown.
[[0;32m  OK  [0m] Reached target Final Step.
         Starting Power-Off...
[[0;32m  OK  [0m] Stopped Monitoring of LVM2 mirrors,â€¦sing dmeventd or progress polling.
         Stopping LVM2 metadata daemon...
[[0;32m  OK  [0m] Stopped LVM2 metadata daemon.
[  222.158842] reboot: Power down
